{
    "Should generate a clade SNP matrix": {
        "content": [
            {
                "0": [
                    [
                        "test",
                        "test_01Jan25_matrix.csv:md5,0fe99c095118c0890bb284dbd5f91304"
                    ]
                ]
            }
        ],
        "meta": {
            "nf-test": "0.9.2",
            "nextflow": "25.04.6"
        },
        "timestamp": "2025-08-28T07:45:14.962285487"
    }
}