{
    "Should identify excluded samples": {
        "content": [
            {
                "0": [
                    "allExcluded_01Jan25.csv:md5,aa3757742432b3d0a1e7e2547d033211"
                ]
            }
        ],
        "meta": {
            "nf-test": "0.9.2",
            "nextflow": "25.04.6"
        },
        "timestamp": "2025-08-28T07:45:30.717671662"
    }
}