{
    "Should generate trees": {
        "content": [
            {
                "0": [
                    [
                        "B6-16",
                        "B6-16_01Jan25_MP.nwk:md5,8b553f706124782d4bac73df3e231358"
                    ]
                ]
            }
        ],
        "meta": {
            "nf-test": "0.9.2",
            "nextflow": "25.04.6"
        },
        "timestamp": "2025-08-28T07:45:46.400263067"
    }
}