{
    "Should split clades": {
        "content": [
            {
                "0": [
                    "B6-16_Pass.csv:md5,fc11ccb87549416a479bb45383f2014d"
                ],
                "passSamples": [
                    "B6-16_Pass.csv:md5,fc11ccb87549416a479bb45383f2014d"
                ]
            }
        ],
        "meta": {
            "nf-test": "0.9.2",
            "nextflow": "25.04.6"
        },
        "timestamp": "2025-08-28T07:46:27.310693794"
    }
}