{
    "Should clean up input files": {
        "content": [
            {
                "0": [
                    "bTB_Allclean_22Aug25.csv:md5,f22ea625845a3403b4f191fdfd90bd67"
                ]
            }
        ],
        "meta": {
            "nf-test": "0.9.2",
            "nextflow": "25.04.6"
        },
        "timestamp": "2025-08-22T13:57:39.692948786"
    }
}