{
    "Should process clade metadata": {
        "content": [
            {
                "0": [
                    [
                        "test",
                        "test_metadata_01Jan25.csv:md5,99479c045f65a51346a78c98d53de61d"
                    ]
                ]
            }
        ],
        "meta": {
            "nf-test": "0.9.2",
            "nextflow": "25.04.6"
        },
        "timestamp": "2025-08-22T14:05:54.589108515"
    }
}