{
    "Should format location data": {
        "content": [
            {
                "0": [
                    "allLocations_01Jan25.tsv:md5,de85a65c63778ded0ec223810c3223bf"
                ]
            }
        ],
        "meta": {
            "nf-test": "0.9.2",
            "nextflow": "25.04.6"
        },
        "timestamp": "2025-08-22T13:04:03.310153395"
    }
}