{
    "Should convert metadata to sqlite": {
        "content": [
            {
                "0": [
                    "viewbovis.db:md5,1a0416eec6ef734ada5958e4d71bce4d"
                ]
            }
        ],
        "meta": {
            "nf-test": "0.9.2",
            "nextflow": "25.04.6"
        },
        "timestamp": "2025-08-28T07:46:10.75951239"
    }
}